bandit12@bandit:/tmp$ mkdir band
bandit12@bandit:/tmp$ cd band
bandit12@bandit:/tmp/band$ cp ~/data.txt .
bandit12@bandit:/tmp/band$ xxd -r data.txt data
bandit12@bandit:/tmp/band$ file data
data: gzip compressed data, was "data2.bin", last modified: Tue Oct 14 09:26:06 2025, max compression, from Unix, original size modulo 2^32 564
bandit12@bandit:/tmp/band$ mv dta data.gz
mv: cannot stat 'dta': No such file or directory
bandit12@bandit:/tmp/band$ mv data data.gz
bandit12@bandit:/tmp/band$ gzip -d data.gz
bandit12@bandit:/tmp/band$ file data
data: bzip2 compressed data, block size = 900k
bandit12@bandit:/tmp/band$ mv data data.bz2
bandit12@bandit:/tmp/band$ bzip2 -d data.bz2
bandit12@bandit:/tmp/band$ file data
data: gzip compressed data, was "data4.bin", last modified: Tue Oct 14 09:26:06 2025, max compression, from Unix, original size modulo 2^32 20480
bandit12@bandit:/tmp/band$ mv data data.gzip
bandit12@bandit:/tmp/band$ gzip -d data.gz
gzip: data.gz: No such file or directory
bandit12@bandit:/tmp/band$ file data
data: cannot open `data' (No such file or directory)
bandit12@bandit:/tmp/band$ ls
data.gzip  data.txt
bandit12@bandit:/tmp/band$ xxd -r data.txt data
bandit12@bandit:/tmp/band$ ls
data  data.gzip  data.txt
bandit12@bandit:/tmp/band$ file data
data: gzip compressed data, was "data2.bin", last modified: Tue Oct 14 09:26:06 2025, max compression, from Unix, original size modulo 2^32 564
bandit12@bandit:/tmp/band$ mv data data.gz
bandit12@bandit:/tmp/band$ gzip -d data.gz
bandit12@bandit:/tmp/band$ file data
data: bzip2 compressed data, block size = 900k
bandit12@bandit:/tmp/band$ mv data data.bz2
bandit12@bandit:/tmp/band$ bzip2 -d data.bz2
bandit12@bandit:/tmp/band$ file data
data: gzip compressed data, was "data4.bin", last modified: Tue Oct 14 09:26:06 2025, max compression, from Unix, original size modulo 2^32 20480
bandit12@bandit:/tmp/band$ mv data data.gz
bandit12@bandit:/tmp/band$ gzip -d data.gz
bandit12@bandit:/tmp/band$ file data
data: POSIX tar archive (GNU)
bandit12@bandit:/tmp/band$ mv data data.tar
bandit12@bandit:/tmp/band$ tar -xf data.tar
bandit12@bandit:/tmp/band$ file data
data: cannot open `data' (No such file or directory)
bandit12@bandit:/tmp/band$ ls
data5.bin  data.gzip  data.tar  data.txt
bandit12@bandit:/tmp/band$ xxd -r data.txt data
bandit12@bandit:/tmp/band$ ls
data  data5.bin  data.gzip  data.tar  data.txt
bandit12@bandit:/tmp/band$ file data
data: gzip compressed data, was "data2.bin", last modified: Tue Oct 14 09:26:06 2025, max compression, from Unix, original size modulo 2^32 564
bandit12@bandit:/tmp/band$ mv data2.bin data.gz
mv: cannot stat 'data2.bin': No such file or directory
bandit12@bandit:/tmp/band$ ls
data  data5.bin  data.gzip  data.tar  data.txt
bandit12@bandit:/tmp/band$ mv data5.bin data.gz
bandit12@bandit:/tmp/band$ gzip -d data.gz

gzip: data.gz: not in gzip format
bandit12@bandit:/tmp/band$ file data5.bin
data5.bin: cannot open `data5.bin' (No such file or directory)
bandit12@bandit:/tmp/band$ ls
data  data.gz  data.gzip  data.tar  data.txt
bandit12@bandit:/tmp/band$ rm -f data data.gz data.gzip data.tar
ls
data.txt
bandit12@bandit:/tmp/band$ xxd -r data.txt data
bandit12@bandit:/tmp/band$ file data
data: gzip compressed data, was "data2.bin", last modified: Tue Oct 14 09:26:06 2025, max compression, from Unix, original size modulo 2^32 564
bandit12@bandit:/tmp/band$ mv data data.gz
bandit12@bandit:/tmp/band$ gzip -d data.gz
bandit12@bandit:/tmp/band$ ls
data  data.txt
bandit12@bandit:/tmp/band$ file data
data: bzip2 compressed data, block size = 900k
bandit12@bandit:/tmp/band$ mv data data.bz2
bandit12@bandit:/tmp/band$ bzip2 -d data.bz2
bandit12@bandit:/tmp/band$ file data
data: gzip compressed data, was "data4.bin", last modified: Tue Oct 14 09:26:06 2025, max compression, from Unix, original size modulo 2^32 20480
bandit12@bandit:/tmp/band$ mv data data.gz
bandit12@bandit:/tmp/band$ gzip -d data.gz
bandit12@bandit:/tmp/band$ ls
data  data.txt
bandit12@bandit:/tmp/band$ file data
data: POSIX tar archive (GNU)
bandit12@bandit:/tmp/band$ mv data data.tar
bandit12@bandit:/tmp/band$ tar -xf data.tar
bandit12@bandit:/tmp/band$ ls
data5.bin  data.tar  data.txt
bandit12@bandit:/tmp/band$ file data5.bin
data5.bin: POSIX tar archive (GNU)
bandit12@bandit:/tmp/band$ mv data5.bin data.tar
bandit12@bandit:/tmp/band$ tar -xf data.tar
bandit12@bandit:/tmp/band$ ls
data6.bin  data.tar  data.txt
bandit12@bandit:/tmp/band$ file data6.bin
data6.bin: bzip2 compressed data, block size = 900k
bandit12@bandit:/tmp/band$ mv data6.bin data.bz2
bandit12@bandit:/tmp/band$ bzip2 -d data.bz2
bandit12@bandit:/tmp/band$ ls
data  data.tar  data.txt
bandit12@bandit:/tmp/band$ file data
data: POSIX tar archive (GNU)
bandit12@bandit:/tmp/band$ mv data data.tar
tar -xf data.tar
bandit12@bandit:/tmp/band$ ls
data8.bin  data.tar  data.txt
bandit12@bandit:/tmp/band$ file data8.bin
data8.bin: gzip compressed data, was "data9.bin", last modified: Tue Oct 14 09:26:06 2025, max compression, from Unix, original size modulo 2^32 49
bandit12@bandit:/tmp/band$ mv data8.bin data.gz
gzip -d data.gz
bandit12@bandit:/tmp/band$ cat data
The password is FO5dwFsc0cbaIiH0h8J2eUks2vdTDwAn
bandit12@bandit:/tmp/band$ exit
logout
Connection to bandit.labs.overthewire.org closed.
kanimozhi_s@LAPTOP-QB661LHS:~$ ssh bandit13@bandit.labs.overthewire.org -p 2
220
                         _                     _ _ _
                        | |__   __ _ _ __   __| (_) |_
                        | '_ \ / _` | '_ \ / _` | | __|
                        | |_) | (_| | | | | (_| | | |_
                        |_.__/ \__,_|_| |_|\__,_|_|\__|


                      This is an OverTheWire game server.
            More information on http://www.overthewire.org/wargames

backend: gibson-1
bandit13@bandit.labs.overthewire.org's password:
Permission denied, please try again.
bandit13@bandit.labs.overthewire.org's password:

      ,----..            ,----,          .---.
     /   /   \         ,/   .`|         /. ./|
    /   .     :      ,`   .'  :     .--'.  ' ;
   .   /   ;.  \   ;    ;     /    /__./ \ : |
  .   ;   /  ` ; .'___,/    ,' .--'.  '   \' .
  ;   |  ; \ ; | |    :     | /___/ \ |    ' '
  |   :  | ; | ' ;    |.';  ; ;   \  \;      :
  .   |  ' ' ' : `----'  |  |  \   ;  `      |
  '   ;  \; /  |     '   :  ;   .   \    .\  ;
   \   \  ',  /      |   |  '    \   \   ' \ |
    ;   :    /       '   :  |     :   '  |--"
     \   \ .'        ;   |.'       \   \ ;
  www. `---` ver     '---' he       '---" ire.org


Welcome to OverTheWire!

If you find any problems, please report them to the #wargames channel on
discord or IRC.

--[ Playing the games ]--

  This machine might hold several wargames.
  If you are playing "somegame", then:

    * USERNAMES are somegame0, somegame1, ...
    * Most LEVELS are stored in /somegame/.
    * PASSWORDS for each level are stored in /etc/somegame_pass/.

  Write-access to homedirectories is disabled. It is advised to create a
  working directory with a hard-to-guess name in /tmp/.  You can use the
  command "mktemp -d" in order to generate a random and hard to guess
  directory in /tmp/.  Read-access to both /tmp/ is disabled and to /proc
  restricted so that users cannot snoop on eachother. Files and directories
  with easily guessable or short names will be periodically deleted! The /tmp
  directory is regularly wiped.
  Please play nice:

    * don't leave orphan processes running
    * don't leave exploit-files laying around
    * don't annoy other players
    * don't post passwords or spoilers
    * again, DONT POST SPOILERS!
      This includes writeups of your solution on your blog or website!

--[ Tips ]--

  This machine has a 64bit processor and many security-features enabled
  by default, although ASLR has been switched off.  The following
  compiler flags might be interesting:

    -m32                    compile for 32bit
    -fno-stack-protector    disable ProPolice
    -Wl,-z,norelro          disable relro

  In addition, the execstack tool can be used to flag the stack as
  executable on ELF binaries.

  Finally, network-access is limited for most levels by a local
  firewall.

--[ Tools ]--

 For your convenience we have installed a few useful tools which you can find
 in the following locations:

    * gef (https://github.com/hugsy/gef) in /opt/gef/
    * pwndbg (https://github.com/pwndbg/pwndbg) in /opt/pwndbg/
    * gdbinit (https://github.com/gdbinit/Gdbinit) in /opt/gdbinit/
    * pwntools (https://github.com/Gallopsled/pwntools)
    * radare2 (http://www.radare.org/)

--[ More information ]--

  For more information regarding individual wargames, visit
  http://www.overthewire.org/wargames/

  For support, questions or comments, contact us on discord or IRC.

  Enjoy your stay!

bandit13@bandit:~$
